<?php

use Livewire\Volt\Actions;
use Livewire\Volt\CompileContext;
use Livewire\Volt\Contracts\Compiled;
use Livewire\Volt\Component;

return new class extends Component
{
    public static CompileContext $__context;

    use Illuminate\Foundation\Auth\Access\AuthorizesRequests;

    public \Tests\Fixtures\BookForm $form;

    public function mount()
    {
        (new Actions\InitializeState)->execute(static::$__context, $this, get_defined_vars());

        (new Actions\CallHook('mount'))->execute(static::$__context, $this, get_defined_vars());
    }

    public function save()
    {
        $arguments = [static::$__context, $this, func_get_args()];

        return (new Actions\CallMethod('save'))->execute(...$arguments);
    }

};