<?php

use Livewire\Volt\Actions;
use Livewire\Volt\CompileContext;
use Livewire\Volt\Contracts\Compiled;
use Livewire\Volt\Component;

return new class extends Component
{
    public static CompileContext $__context;

    use Illuminate\Foundation\Auth\Access\AuthorizesRequests;

    public $counter;

    public function mount()
    {
        (new Actions\InitializeState)->execute(static::$__context, $this, get_defined_vars());

        (new Actions\CallHook('mount'))->execute(static::$__context, $this, get_defined_vars());
    }

    public function getListeners()
    {
        $arguments = [static::$__context, $this, func_get_args()];

        return (new Actions\ResolveListeners)->execute(...$arguments);
    }

    public function eventnameHandler()
    {
        $arguments = [static::$__context, $this, func_get_args()];

        return (new Actions\CallListener('eventName'))->execute(...$arguments);
    }

};