<?php

use Livewire\Volt\Actions;
use Livewire\Volt\CompileContext;
use Livewire\Volt\Contracts\Compiled;
use Livewire\Volt\Component;

return new class extends Component implements Tests\Fixtures\IncrementInterface
{
    public static CompileContext $__context;

    use Illuminate\Foundation\Auth\Access\AuthorizesRequests;

    use Tests\Fixtures\IncrementTrait;

    public function mount()
    {
        (new Actions\InitializeState)->execute(static::$__context, $this, get_defined_vars());

        (new Actions\CallHook('mount'))->execute(static::$__context, $this, get_defined_vars());
    }

    public function alsoIncrement(): void
    {
        $arguments = [static::$__context, $this, func_get_args()];

        (new Actions\CallMethod('alsoIncrement'))->execute(...$arguments);
    }

    public function alsoIncrementButReturnInt(): int
    {
        $arguments = [static::$__context, $this, func_get_args()];

        return (new Actions\CallMethod('alsoIncrementButReturnInt'))->execute(...$arguments);
    }

};